// Jest Snapshot v1, https://goo.gl/fbAQLP

exports[`Test in <AddActivity/> component should render the <AddActivity/> correctly 1`] = `
<section
  className="form"
>
  <figure
    className="form__picture"
  >
    <img
      alt="form"
      className="form__img"
      src="/assets/form.svg"
    />
  </figure>
  <form
    className="form__contain"
    onSubmit={[Function]}
  >
    <h2
      className="form__title"
    >
      Create Activity
    </h2>
    <h4
      className="form__subtitle"
    >
      Create Awesome Activity!!!
    </h4>
    <input
      autoComplete="off"
      className="input"
      name="name"
      onChange={[Function]}
      placeholder="Name of Activity"
      type="text"
      value=""
    />
    <input
      autoComplete="off"
      className="input"
      name="duration"
      onChange={[Function]}
      placeholder="Duration of activity in hours"
      value=""
    />
    <div
      className="content__select"
    >
      <select
        name="country"
        onChange={[Function]}
        required={true}
      >
        <option
          value=""
        >
          Country
        </option>
        <option
          key="VEN"
          value="VEN"
        >
          Venezuela
        </option>
      </select>
      <select
        name="difficulty"
        onChange={[Function]}
        required={true}
      >
        <option
          value=""
        >
          Dificulty
        </option>
        <option
          key="1"
          value="1"
        >
          1
        </option>
        <option
          key="2"
          value="2"
        >
          2
        </option>
        <option
          key="3"
          value="3"
        >
          3
        </option>
        <option
          key="4"
          value="4"
        >
          4
        </option>
        <option
          key="5"
          value="5"
        >
          5
        </option>
      </select>
      <select
        name="season"
        onChange={[Function]}
        required={true}
      >
        <option
          value=""
        >
          Season
        </option>
        <option
          key="Spring"
          value="Spring"
        >
          Spring
        </option>
        <option
          key="Summer"
          value="Summer"
        >
          Summer
        </option>
        <option
          key="Autumn"
          value="Autumn"
        >
          Autumn
        </option>
        <option
          key="Winter"
          value="Winter"
        >
          Winter
        </option>
      </select>
      <div
        className="country__contain"
      />
    </div>
    <button
      className="form__submit"
      disabled={false}
      name="submit"
      type="submit"
    >
      Submit
    </button>
    <a
      className="Link__back"
      href="/home"
      onClick={[Function]}
    >
      <img
        alt="city"
        className="undo__addactivity"
        src="assets/undo-icon.png"
      />
        Back to home
    </a>
  </form>
</section>
`;
